>>> float('inf')  # Infinito positivo
inf
>>> float('-inf')  # Infinito negativo
-inf
>>> float('nan')  # Not a Number
nan
```

O checker quer que você teste o que acontece quando passa esses valores pra função.

---

## **Adicione ao seu arquivo de testes:**
```
# tests/0-add_integer.txt

Testing add_integer function
============================

First, import the function:
>>> add_integer = __import__('0-add_integer').add_integer

Basic tests:
>>> add_integer(1, 2)
3

>>> add_integer(100, -2)
98

Default parameter:
>>> add_integer(2)
100

Float conversion:
>>> add_integer(100.3, -2)
98

Error handling:
>>> add_integer(4, "School")
Traceback (most recent call last):
...
TypeError: b must be an integer

>>> add_integer(None)
Traceback (most recent call last):
...
TypeError: a must be an integer

Float overflow:
>>> add_integer(float('inf'))
Traceback (most recent call last):
...
OverflowError: cannot convert float infinity to integer

>>> add_integer(1, float('inf'))
Traceback (most recent call last):
...
OverflowError: cannot convert float infinity to integer