# tests/0-add_integer.txt

Testing add_integer function
============================

First, import the function:
>>> add_integer = __import__('0-add_integer').add_integer

Basic tests:
>>> add_integer(1, 2)
3

>>> add_integer(100, -2)
98

Default parameter:
>>> add_integer(2)
100

Float conversion:
>>> add_integer(100.3, -2)
98

Error handling:
>>> add_integer(4, "School")
Traceback (most recent call last):
...
TypeError: b must be an integer

>>> add_integer(None)
Traceback (most recent call last):
...
TypeError: a must be an integer