# tests/100-matrix_mul.txt

Testing matrix_mul function
===========================

Import the function
>>> matrix_mul = __import__('100-matrix_mul').matrix_mul

Normal multiplication cases
>>> matrix_mul([[1, 2], [3, 4]], [[1, 2], [3, 4]])
[[7, 10], [15, 22]]

>>> matrix_mul([[1, 2]], [[3, 4], [5, 6]])
[[13, 16]]

>>> matrix_mul([[5]], [[6]])
[[30]]

Error cases - not lists
>>> matrix_mul("not a list", [[1, 2]])
Traceback (most recent call last):
...
TypeError: m_a must be a list

>>> matrix_mul([[1, 2]], "not a list")
Traceback (most recent call last):
...
TypeError: m_b must be a list

>>> matrix_mul(123, [[1, 2]])
Traceback (most recent call last):
...
TypeError: m_a must be a list

Error cases - not list of lists
>>> matrix_mul([1, 2, 3], [[1, 2]])
Traceback (most recent call last):
...
TypeError: m_a must be a list of lists

>>> matrix_mul([[1, 2]], [3, 4, 5])
Traceback (most recent call last):
...
TypeError: m_b must be a list of lists

Error cases - empty matrices
>>> matrix_mul([], [[1, 2]])
Traceback (most recent call last):
...
ValueError: m_a can't be empty

>>> matrix_mul([[]], [[1, 2]])
Traceback (most recent call last):
...
ValueError: m_a can't be empty

>>> matrix_mul([[1, 2]], [])
Traceback (most recent call last):
...
ValueError: m_b can't be empty

>>> matrix_mul([[1, 2]], [[]])
Traceback (most recent call last):
...
ValueError: m_b can't be empty

Error cases - non-numeric elements
>>> matrix_mul([[1, "a"]], [[1, 2]])
Traceback (most recent call last):
...
TypeError: m_a should contain only integers or floats

>>> matrix_mul([[1, 2]], [["b", 3]])
Traceback (most recent call last):
...
TypeError: m_b should contain only integers or floats

>>> matrix_mul([[1, None]], [[1, 2]])
Traceback (most recent call last):
...
TypeError: m_a should contain only integers or floats

Error cases - non-rectangular matrices
>>> matrix_mul([[1, 2], [3]], [[1, 2], [3, 4]])
Traceback (most recent call last):
...
TypeError: each row of m_a must be of the same size

>>> matrix_mul([[1, 2], [3, 4]], [[1, 2], [3]])
Traceback (most recent call last):
...
TypeError: each row of m_b must be of the same size

Error cases - can't be multiplied
>>> matrix_mul([[1, 2]], [[1, 2, 3]])
Traceback (most recent call last):
...
ValueError: m_a and m_b can't be multiplied

>>> matrix_mul([[1, 2, 3]], [[1, 2]])
Traceback (most recent call last):
...
ValueError: m_a and m_b can't be multiplied

Edge cases
>>> matrix_mul([[0, 0], [0, 0]], [[1, 2], [3, 4]])
[[0, 0], [0, 0]]

>>> matrix_mul([[1, 0], [0, 1]], [[1, 2], [3, 4]])
[[1, 2], [3, 4]]

>>> matrix_mul([[1.5, 2.5], [3.5, 4.5]], [[2, 0], [0, 2]])
[[3.0, 5.0], [7.0, 9.0]]