# tests/101-lazy_matrix_mul.txt

Testing lazy_matrix_mul function
================================

Import the function
>>> lazy_matrix_mul = __import__('101-lazy_matrix_mul').lazy_matrix_mul

Normal multiplication cases
>>> lazy_matrix_mul([[1, 2], [3, 4]], [[1, 2], [3, 4]])
array([[ 7, 10],
       [15, 22]])

>>> lazy_matrix_mul([[1, 2]], [[3, 4], [5, 6]])
array([[13, 16]])

>>> lazy_matrix_mul([[5]], [[6]])
array([[30]])

Error cases - scalar operands
>>> lazy_matrix_mul("Holberton", [[5, 6], [7, 8]])
Traceback (most recent call last):
...
TypeError: Scalar operands are not allowed, use '*' instead

>>> lazy_matrix_mul([[1, 2]], "School")
Traceback (most recent call last):
...
TypeError: Scalar operands are not allowed, use '*' instead

>>> lazy_matrix_mul(42, [[1, 2]])
Traceback (most recent call last):
...
TypeError: Scalar operands are not allowed, use '*' instead

Error cases - missing arguments
>>> lazy_matrix_mul([[1, 2, 3]])
Traceback (most recent call last):
...
TypeError: lazy_matrix_mul() missing 1 required positional argument: 'm_b'

>>> lazy_matrix_mul()
Traceback (most recent call last):
...
TypeError: lazy_matrix_mul() missing 2 required positional arguments: 'm_a' and 'm_b'

Error cases - not lists of lists
>>> lazy_matrix_mul([1, 2, 3], [[1, 2]])
Traceback (most recent call last):
...
TypeError: m_a and m_b must be lists of lists

>>> lazy_matrix_mul([[1, 2]], [3, 4, 5])
Traceback (most recent call last):
...
TypeError: m_a and m_b must be lists of lists

Error cases - empty matrices
>>> lazy_matrix_mul([], [[1, 2]])
Traceback (most recent call last):
...
ValueError: m_a can't be empty

>>> lazy_matrix_mul([[]], [[1, 2]])
Traceback (most recent call last):
...
ValueError: m_a can't be empty

>>> lazy_matrix_mul([[1, 2]], [])
Traceback (most recent call last):
...
ValueError: m_b can't be empty

>>> lazy_matrix_mul([[1, 2]], [[]])
Traceback (most recent call last):
...
ValueError: m_b can't be empty

Error cases - non-numeric elements
>>> lazy_matrix_mul([[1, "a"]], [[1, 2]])
Traceback (most recent call last):
...
TypeError: m_a should contain only integers or floats

>>> lazy_matrix_mul([[1, 2]], [["b", 3]])
Traceback (most recent call last):
...
TypeError: m_b should contain only integers or floats

Error cases - non-rectangular matrices
>>> lazy_matrix_mul([[1, 2], [3]], [[1, 2], [3, 4]])
Traceback (most recent call last):
...
ValueError: each row of m_a must be of the same size

>>> lazy_matrix_mul([[1, 2], [3, 4]], [[1, 2], [3]])
Traceback (most recent call last):
...
ValueError: each row of m_b must be of the same size

Error cases - can't be multiplied
>>> lazy_matrix_mul([[1, 2]], [[1, 2, 3]])
Traceback (most recent call last):
...
ValueError: m_a and m_b can't be multiplied

>>> lazy_matrix_mul([[1, 2, 3]], [[1, 2]])
Traceback (most recent call last):
...
ValueError: m_a and m_b can't be multiplied

Edge cases
>>> lazy_matrix_mul([[0, 0], [0, 0]], [[1, 2], [3, 4]])
array([[0, 0],
       [0, 0]])

>>> lazy_matrix_mul([[1, 0], [0, 1]], [[1, 2], [3, 4]])
array([[1, 2],
       [3, 4]])

>>> lazy_matrix_mul([[1.5, 2.5], [3.5, 4.5]], [[2, 0], [0, 2]])
array([[3., 5.],
       [7., 9.]])