# tests/101-lazy_matrix_mul.txt

Testing lazy_matrix_mul function
================================

Import the function
>>> lazy_matrix_mul = __import__('101-lazy_matrix_mul').lazy_matrix_mul

Normal multiplication cases
>>> lazy_matrix_mul([[1, 2], [3, 4]], [[1, 2], [3, 4]])
array([[ 7, 10],
       [15, 22]])

>>> lazy_matrix_mul([[1, 2]], [[3, 4], [5, 6]])
array([[13, 16]])

>>> lazy_matrix_mul([[5]], [[6]])
array([[30]])

Error cases - missing arguments
>>> lazy_matrix_mul([[1, 2, 3]])
Traceback (most recent call last):
...
TypeError: lazy_matrix_mul() missing 1 required positional argument: 'm_b'

>>> lazy_matrix_mul()
Traceback (most recent call last):
...
TypeError: lazy_matrix_mul() missing 2 required positional arguments: 'm_a' and 'm_b'

Error cases - can't be multiplied
>>> lazy_matrix_mul([[1, 2]], [[1, 2, 3]])
Traceback (most recent call last):
...
ValueError: m_a and m_b can't be multiplied

>>> lazy_matrix_mul([[1, 2, 3]], [[1, 2]])
Traceback (most recent call last):
...
ValueError: m_a and m_b can't be multiplied

Edge cases
>>> lazy_matrix_mul([[0, 0], [0, 0]], [[1, 2], [3, 4]])
array([[0, 0],
       [0, 0]])

>>> lazy_matrix_mul([[1, 0], [0, 1]], [[1, 2], [3, 4]])
array([[1, 2],
       [3, 4]])

>>> lazy_matrix_mul([[1.5, 2.5], [3.5, 4.5]], [[2, 0], [0, 2]])
array([[3., 5.],
       [7., 9.]])