# tests/5-text_indentation.txt

Tests text_indentation function
===============================

Import the function
>>> text_indentation = __import__('5-text_indentation').text_indentation

Correct parameter for text
>>> text_indentation("Lorem ipsum, dolor? lorem lorem: ipsum dolor")
Lorem ipsum, dolor?
<BLANKLINE>
<BLANKLINE>
lorem lorem:
<BLANKLINE>
<BLANKLINE>
ipsum dolor

Text not a str object
>>> text_indentation(123)
Traceback (most recent call last):
...
TypeError: text must be a string

Empty string
>>> text_indentation("")


Missing one argument
>>> text_indentation()
Traceback (most recent call last):
...
TypeError: text_indentation() missing 1 required positional argument: 'text'
