# tests/7-base_geometry.txt

Testing BaseGeometry class
==========================

Import the class
>>> BaseGeometry = __import__('7-base_geometry').BaseGeometry

Check exceptions
>>> base_geometry = BaseGeometry()
>>> base_geometry.area()
Traceback (most recent call last):
...
Exception: area() is not implemented

>>> base_geometry.integer_validator("name", 5.6)
Traceback (most recent call last):
...
TypeError: name must be an integer

>>> base_geometry.integer_validator("name", "5")
Traceback (most recent call last):
...
TypeError: name must be an integer

>>> base_geometry.integer_validator("age", (4,))
Traceback (most recent call last):
...
TypeError: age must be an integer

>>> base_geometry.integer_validator("age", [3])
Traceback (most recent call last):
...
TypeError: age must be an integer

>>> base_geometry.integer_validator("age", True)
Traceback (most recent call last):
...
TypeError: age must be an integer

>>> base_geometry.integer_validator("age", {3, 4})
Traceback (most recent call last):
...
TypeError: age must be an integer

>>> base_geometry.integer_validator("age", None)
Traceback (most recent call last):
...
TypeError: age must be an integer

>>> base_geometry.integer_validator("name", 0)
Traceback (most recent call last):
...
ValueError: name must be greater than 0

>>> base_geometry.integer_validator("name", -5)
Traceback (most recent call last):
...
ValueError: name must be greater than 0
